Initialized native services in: C:\Users\039703250884\.gradle\native
Initialized jansi services in: C:\Users\039703250884\.gradle\native
The client will now receive all logging from the daemon (pid: 19400). The daemon log file: C:\Users\039703250884\.gradle\daemon\9.5.0\daemon-19400.out.log
Starting 7th build in daemon [uptime: 14 mins 18.79 secs, performance: 100%, GC rate: 0.00/s, heap usage: 8% of 512 MiB, non-heap usage: 21% of 384 MiB]
Using 16 worker leases.
Operational build model parameters: {cachingModelBuilding=false, configurationCache=true, configurationCacheDisabledReason=null, configurationCacheParallelLoad=true, configurationCacheParallelStore=false, configureOnDemand=false, invalidateCoupledProjects=false, isolatedProjects=false, modelAsProjectDependency=false, modelBuilding=false, parallelModelBuilding=false, parallelProjectConfiguration=false, parallelProjectExecution=true, resilientModelBuilding=false}
Encryption key source: default Gradle keystore (pkcs12)
Now considering [C:\sgc] as hierarchies to watch
Reusing configuration cache.
Now considering [C:\sgc] as hierarchies to watch
Watching the file system is configured to be enabled if available
File system watching is active
Using local directory build cache for the root build (location = C:\Users\039703250884\.gradle\caches\build-cache-1, remove unused entries = after 7 days).
Tasks to be executed: [task ':backend:bootBuildInfo', task ':backend:compileJava', task ':backend:processResources', task ':backend:classes', task ':backend:compileTestJava', task ':backend:processTestResources', task ':backend:testClasses', task ':backend:test']
Tasks that were excluded: []
Resolve mutations for :backend:bootBuildInfo (Thread[#596,Execution worker,5,main]) started.
Resolve mutations for :backend:compileJava (Thread[#597,Execution worker Thread 2,5,main]) started.
:backend:bootBuildInfo (Thread[#596,Execution worker,5,main]) started.
Resolve mutations for :backend:processResources (Thread[#598,Execution worker Thread 3,5,main]) started.
:backend:compileJava (Thread[#598,Execution worker Thread 3,5,main]) started.
Resolve mutations for :backend:processTestResources (Thread[#597,Execution worker Thread 2,5,main]) started.
:backend:processTestResources (Thread[#597,Execution worker Thread 2,5,main]) started.

> Task :backend:processTestResources UP-TO-DATE
Caching disabled for task ':backend:processTestResources' because:
  Not worth caching
Skipping task ':backend:processTestResources' as it is up-to-date.

> Task :backend:bootBuildInfo
Caching disabled for task ':backend:bootBuildInfo' because:
  Not worth caching
Task ':backend:bootBuildInfo' is not up-to-date because:
  Value of input property 'properties.timeIfNotExcluded' has changed for task ':backend:bootBuildInfo'
:backend:processResources (Thread[#596,Execution worker,5,main]) started.

> Task :backend:compileJava UP-TO-DATE
Build cache key for task ':backend:compileJava' is 4f0a374f6670eeab78b279f7dee386d2
Skipping task ':backend:compileJava' as it is up-to-date.

> Task :backend:processResources UP-TO-DATE
Caching disabled for task ':backend:processResources' because:
  Not worth caching
Skipping task ':backend:processResources' as it is up-to-date.
Resolve mutations for :backend:classes (Thread[#596,Execution worker,5,main]) started.
:backend:classes (Thread[#596,Execution worker,5,main]) started.

> Task :backend:classes
Skipping task ':backend:classes' as it has no actions.
Resolve mutations for :backend:compileTestJava (Thread[#596,Execution worker,5,main]) started.
:backend:compileTestJava (Thread[#597,Execution worker Thread 2,5,main]) started.

> Task :backend:compileTestJava UP-TO-DATE
Build cache key for task ':backend:compileTestJava' is 86afc0385fcb14a4a20e7c21803667a8
Skipping task ':backend:compileTestJava' as it is up-to-date.
Resolve mutations for :backend:testClasses (Thread[#597,Execution worker Thread 2,5,main]) started.
:backend:testClasses (Thread[#597,Execution worker Thread 2,5,main]) started.

> Task :backend:testClasses UP-TO-DATE
Skipping task ':backend:testClasses' as it has no actions.
Resolve mutations for :backend:test (Thread[#597,Execution worker Thread 2,5,main]) started.
:backend:test (Thread[#597,Execution worker Thread 2,5,main]) started.
Gradle Test Executor 9 started executing tests.

> Task :backend:test
Build cache key for task ':backend:test' is d1ce36d04ef0537835e00c40ce100588
Task ':backend:test' is not up-to-date because:
  Task has failed previously.
Starting process 'Gradle Test Executor 9'. Working directory: C:\sgc\backend Command: C:\Users\039703250884\.jdks\corretto-25.0.1\bin\java.exe -Dmockito.ext.disable=true -Dorg.gradle.internal.worker.tmpdir=C:\sgc\backend\build\tmp\test\work -Xshare:off -XX:+EnableDynamicAgentLoading --add-opens=java.base/java.lang=ALL-UNNAMED --add-opens=java.base/jdk.internal.misc=ALL-UNNAMED --add-opens=jdk.unsupported/sun.misc=ALL-UNNAMED -javaagent:C:\Users\039703250884\.gradle\caches\modules-2\files-2.1\net.bytebuddy\byte-buddy-agent\1.17.8\f09415827a71be7ed621c7bd02550678f28bc81c\byte-buddy-agent-1.17.8.jar -javaagent:C:\sgc\backend\build\tmp\.cache\expanded\zip_27729b840c216bdc69a9315e04b27ab1\jacocoagent.jar=destfile=build/jacoco/test.exec,append=true,inclnolocationclasses=false,dumponexit=true,output=file,jmx=false @C:\Users\039703250884\.gradle\.tmp\gradle-worker-classpath8559746925074535673txt -Xmx512m -Dfile.encoding=UTF-8 -Duser.country=BR -Duser.language=pt -Duser.variant -ea worker.org.gradle.process.internal.worker.GradleWorkerMain 'Gradle Test Executor 9'
Successfully started process 'Gradle Test Executor 9'

SubprocessoTransicaoService > aceitarValidacao deve encaminhar para a unidade superior STANDARD_OUT
    INFO  SubprocessoTransicaoService: Valida├º├úo aceita para mapa do SP 1

SubprocessoTransicaoService > Cobertura Adicional de Branches > disponibilizarMapa deve funcionar quando n├úo h├í data limite anterior STANDARD_OUT
    INFO  SubprocessoTransicaoService: Disponibilizando mapa do subprocesso 1

SubprocessoTransicaoService > Cobertura Adicional de Branches > disponibilizarMapa deve funcionar quando n├úo h├í data limite anterior FAILED
    org.mockito.exceptions.misusing.UnnecessaryStubbingException: 
    Unnecessary stubbings detected.
    Clean & maintainable test code requires zero unnecessary code.
    Following stubbings are unnecessary (click to navigate to relevant line of code):
      1. -> at sgc.subprocesso.service.SubprocessoTransicaoServiceTest$CoberturaAdicional.disponibilizarMapaDeveFuncionarQuandoNaoHaDataLimiteAnterior(SubprocessoTransicaoServiceTest.java:324)
    Please remove unnecessary stubbings or use 'lenient' strictness. More info: javadoc for UnnecessaryStubbingException class.
        at app//org.mockito.junit.jupiter.MockitoExtension.lambda$afterEach$2(MockitoExtension.java:200)
        at java.base@25.0.1/java.util.Optional.ifPresent(Optional.java:178)
        at app//org.mockito.junit.jupiter.MockitoExtension.afterEach(MockitoExtension.java:198)
        at java.base@25.0.1/java.util.ArrayList.forEach(ArrayList.java:1604)
        at java.base@25.0.1/java.util.ArrayList.forEach(ArrayList.java:1604)
        at java.base@25.0.1/java.util.ArrayList.forEach(ArrayList.java:1604)

SubprocessoTransicaoService > Cobertura Adicional de Branches > Deve lan├ºar erro quando data limite ├® anterior ├á ├║ltima data (disponibilizarMapa) STANDARD_OUT
    INFO  SubprocessoTransicaoService: Disponibilizando mapa do subprocesso 1

SubprocessoTransicaoService > Cobertura Adicional de Branches > Deve lan├ºar erro quando data limite ├® anterior ├á ├║ltima data (disponibilizarMapa) FAILED
    org.mockito.exceptions.misusing.UnnecessaryStubbingException: 
    Unnecessary stubbings detected.
    Clean & maintainable test code requires zero unnecessary code.
    Following stubbings are unnecessary (click to navigate to relevant line of code):
      1. -> at sgc.subprocesso.service.SubprocessoTransicaoServiceTest$CoberturaAdicional.deveLancarErroQuandoDataLimiteAnterior(SubprocessoTransicaoServiceTest.java:198)
    Please remove unnecessary stubbings or use 'lenient' strictness. More info: javadoc for UnnecessaryStubbingException class.
        at app//org.mockito.junit.jupiter.MockitoExtension.lambda$afterEach$2(MockitoExtension.java:200)
        at java.base@25.0.1/java.util.Optional.ifPresent(Optional.java:178)
        at app//org.mockito.junit.jupiter.MockitoExtension.afterEach(MockitoExtension.java:198)
        at java.base@25.0.1/java.util.ArrayList.forEach(ArrayList.java:1604)
        at java.base@25.0.1/java.util.ArrayList.forEach(ArrayList.java:1604)
        at java.base@25.0.1/java.util.ArrayList.forEach(ArrayList.java:1604)

SubprocessoTransicaoService > Cobertura Adicional de Branches > homologarValidacao deve rejeitar ADMIN quando o mapa tiver sugest├Áes STANDARD_OUT
    INFO  SubprocessoTransicaoService: Homologando valida├º├úo do mapa do subprocesso 1

SubprocessoTransicaoService > Cobertura Adicional de Branches > aceitarValidacao n├úo deve fazer nada quando n├úo h├í superior STANDARD_OUT
    INFO  SubprocessoTransicaoService: Valida├º├úo aceita para mapa do SP 1

SubprocessoTransicaoService > Cobertura Adicional de Branches > devolverValidacao deve filtrar movimentacao por unidade de analise e hierarquia STANDARD_OUT
    INFO  SubprocessoTransicaoService: Devolvida valida├º├úo do mapa do SP 1

SubprocessoTransicaoService > Cobertura Adicional de Branches > devolverValidacao deve rejeitar ADMIN quando o mapa estiver validado FAILED
    org.mockito.exceptions.misusing.UnnecessaryStubbingException: 
    Unnecessary stubbings detected.
    Clean & maintainable test code requires zero unnecessary code.
    Following stubbings are unnecessary (click to navigate to relevant line of code):
      1. -> at sgc.subprocesso.service.SubprocessoTransicaoServiceTest$CoberturaAdicional.devolverValidacaoDeveRejeitarAdminQuandoMapaValidado(SubprocessoTransicaoServiceTest.java:267)
    Please remove unnecessary stubbings or use 'lenient' strictness. More info: javadoc for UnnecessaryStubbingException class.
        at app//org.mockito.junit.jupiter.MockitoExtension.lambda$afterEach$2(MockitoExtension.java:200)
        at java.base@25.0.1/java.util.Optional.ifPresent(Optional.java:178)
        at app//org.mockito.junit.jupiter.MockitoExtension.afterEach(MockitoExtension.java:198)
        at java.base@25.0.1/java.util.ArrayList.forEach(ArrayList.java:1604)
        at java.base@25.0.1/java.util.ArrayList.forEach(ArrayList.java:1604)
        at java.base@25.0.1/java.util.ArrayList.forEach(ArrayList.java:1604)

SubprocessoTransicaoService > Cobertura Adicional de Branches > submeterMapaAjustado deve funcionar com data limite nula FAILED
    org.mockito.exceptions.misusing.UnnecessaryStubbingException: 
    Unnecessary stubbings detected.
    Clean & maintainable test code requires zero unnecessary code.
    Following stubbings are unnecessary (click to navigate to relevant line of code):
      1. -> at sgc.subprocesso.service.SubprocessoTransicaoServiceTest$CoberturaAdicional.submeterMapaAjustadoDeveFuncionarComDataLimiteNula(SubprocessoTransicaoServiceTest.java:216)
    Please remove unnecessary stubbings or use 'lenient' strictness. More info: javadoc for UnnecessaryStubbingException class.
        at app//org.mockito.junit.jupiter.MockitoExtension.lambda$afterEach$2(MockitoExtension.java:200)
        at java.base@25.0.1/java.util.Optional.ifPresent(Optional.java:178)
        at app//org.mockito.junit.jupiter.MockitoExtension.afterEach(MockitoExtension.java:198)
        at java.base@25.0.1/java.util.ArrayList.forEach(ArrayList.java:1604)
        at java.base@25.0.1/java.util.ArrayList.forEach(ArrayList.java:1604)
        at java.base@25.0.1/java.util.ArrayList.forEach(ArrayList.java:1604)

Gradle Test Executor 9 finished executing tests.

> Task :backend:test FAILED
  Result:    FAILURE
  Total:     15 tests run
  + Passed:  11
  - Failed:  4
  ^ Ignored: 0
  Time:      6.622s
Generating HTML test report...
Finished generating test html results (0.082 secs) into: C:\sgc\backend\build\reports\tests\test
Finished generating test XML results (0.014 secs) into: C:\sgc\backend\build\test-results\test
6 actionable tasks: 2 executed, 4 up-to-date
Watched directory hierarchies: [C:\sgc]
./gradlew : 
No linha:1 caractere:1
+ ./gradlew :backend:test --tests sgc.subprocesso.service.SubprocessoTr ...
+ ~~~~~~~~~~~~~~~~~~~~~~~~~~~~~~~~~~~~~~~~~~~~~~~~~~~~~~~~~~~~~~~~~~~~~
    + CategoryInfo          : NotSpecified: (:String) [], RemoteException
    + FullyQualifiedErrorId : NativeCommandError
 
15 tests completed, 4 failed

FAILURE: Build failed with an exception.

* What went wrong:
Execution failed for task ':backend:test'.
> There were failing tests. See the report at: file:///C:/sgc/backend/build/reports/tests/test/index.html

* Try:
> Run with --scan to get full insights from a Build Scan (powered by Develocity).

BUILD FAILED in 8s
Configuration cache entry reused.
